C:/ProgramData/anaconda3/python.exe : test_agent_resume_can_override_stored_con
fig (test_main.MainEntryTests.test_agent_resume_can_override_stored_config) ...
 ok
所在位置 行:1 字符: 24
+ ... PATH='src'; C:/ProgramData/anaconda3/python.exe -m unittest discover  ...
+                 ~~~~~~~~~~~~~~~~~~~~~~~~~~~~~~~~~~~~~~~~~~~~~~~~~~~~~~~~~
    + CategoryInfo          : NotSpecified: (test_agent_resu..._config) ... ok 
   :String) [], RemoteException
    + FullyQualifiedErrorId : NativeCommandError
 
test_agent_resume_missing_session_returns_error (test_main.MainEntryTests.test_
agent_resume_missing_session_returns_error)
session 文件不存在时应返回退出码 2 并输出可读错误。 ... ok
test_agent_resume_session_directory_override_applies_to_runtime_and_store (test
_main.MainEntryTests.test_agent_resume_session_directory_override_applies_to_ru
ntime_and_store) ... ok
test_agent_resume_trailing_flag_after_session_id_applies (test_main.MainEntryTe
sts.test_agent_resume_trailing_flag_after_session_id_applies) ... ok
test_agent_resume_triggers_resume_not_run (test_main.MainEntryTests.test_agent_
resume_triggers_resume_not_run)
agent-resume 应触发 AgentSessionStore.load() + agent.resume，而非 agent.run。 ... ok
test_agent_subcommand_still_runs_normally (test_main.MainEntryTests.test_agent_
subcommand_still_runs_normally)
agent 子命令应走 run 路径，并支持多轮输入。 ... ok
test_main_destructive_shell_requires_shell_flag (test_main.MainEntryTests.test_
main_destructive_shell_requires_shell_flag) ... ok
test_main_flags_override_runtime_permissions (test_main.MainEntryTests.test_mai
n_flags_override_runtime_permissions) ... ok
test_main_missing_api_key_returns_error (test_main.MainEntryTests.test_main_mis
sing_api_key_returns_error) ... ok
test_main_rejects_legacy_top_level_prompt (test_main.MainEntryTests.test_main_r
ejects_legacy_top_level_prompt) ... ok
test_main_requires_subcommand (test_main.MainEntryTests.test_main_requires_subc
ommand) ... ok
test_main_session_directory_override_applies_to_runtime_and_store (test_main.Ma
inEntryTests.test_main_session_directory_override_applies_to_runtime_and_store)
 ... ok
test_main_uses_env_values (test_main.MainEntryTests.test_main_uses_env_values) 
... ok
test_agent_chat_can_disable_progress_output (test_main_chat.MainChatEntryTests.
test_agent_chat_can_disable_progress_output) ... ok
test_agent_chat_clear_updates_current_session_id (test_main_chat.MainChatEntryT
ests.test_agent_chat_clear_updates_current_session_id) ... ok
test_agent_chat_handles_eof (test_main_chat.MainChatEntryTests.test_agent_chat_
handles_eof) ... ok
test_agent_chat_handles_keyboard_interrupt (test_main_chat.MainChatEntryTests.t
est_agent_chat_handles_keyboard_interrupt) ... ok
test_agent_chat_prints_progress_events_by_default (test_main_chat.MainChatEntry
Tests.test_agent_chat_prints_progress_events_by_default) ... ok
test_agent_chat_quit_command_exits_without_agent_call (test_main_chat.MainChatE
ntryTests.test_agent_chat_quit_command_exits_without_agent_call) ... ok
test_agent_chat_renders_slash_status_as_panel (test_main_chat.MainChatEntryTest
s.test_agent_chat_renders_slash_status_as_panel) ... ok
test_agent_chat_resumes_existing_session_from_loop (test_main_chat.MainChatEntr
yTests.test_agent_chat_resumes_existing_session_from_loop) ... ok
test_agent_chat_runs_initial_prompt_then_exits (test_main_chat.MainChatEntryTes
ts.test_agent_chat_runs_initial_prompt_then_exits) ... ok
test_agent_chat_surfaces_backend_error_when_final_output_is_empty (test_main_ch
at.MainChatEntryTests.test_agent_chat_surfaces_backend_error_when_final_output_
is_empty) ... ok
test_agent_enters_interactive_loop (test_main_chat.MainChatEntryTests.test_agen
t_enters_interactive_loop)
agent 命令应直接进入交互循环；第一轮走 run，后续轮次自动切换为 resume。 ... ok
test_agent_enters_interactive_loop_eof (test_main_chat.MainChatEntryTests.test_
agent_enters_interactive_loop_eof)
agent 命令在 EOF 时应正常退出，返回码为 0。 ... ok
test_agent_resume_enters_interactive_loop (test_main_chat.MainChatEntryTests.te
st_agent_resume_enters_interactive_loop)
agent-resume 命令应加载存档会话并进入多轮交互循环。 ... ok
test_agent_resume_skips_empty_input (test_main_chat.MainChatEntryTests.test_age
nt_resume_skips_empty_input)
agent-resume 命令在空输入时应跳过，不触发 agent.resume。 ... ok

----------------------------------------------------------------------
Ran 27 tests in 0.305s

OK
